[    0.000000] Linux version 4.15.0-45-generic (buildd@lgw01-amd64-031) (gcc version 7.3.0 (Ubuntu 7.3.0-16ubuntu3)) #48-Ubuntu SMP Tue Jan 29 16:28:13 UTC 2019 (Ubuntu 4.15.0-45.48-generic 4.15.18)
[    0.000000] Command line: BOOT_IMAGE=/boot/vmlinuz-4.15.0-45-generic root=LABEL=cloudimg-rootfs ro console=tty1 console=ttyS0
[    0.000000] KERNEL supported cpus:
[    0.000000]   Intel GenuineIntel
[    0.000000]   AMD AuthenticAMD
[    0.000000]   Centaur CentaurHauls
[    0.000000] x86/fpu: Supporting XSAVE feature 0x001: 'x87 floating point registers'
[    0.000000] x86/fpu: Supporting XSAVE feature 0x002: 'SSE registers'
[    0.000000] x86/fpu: Supporting XSAVE feature 0x004: 'AVX registers'
[    0.000000] x86/fpu: xstate_offset[2]:  576, xstate_sizes[2]:  256
[    0.000000] x86/fpu: Enabled xstate features 0x7, context size is 832 bytes, using 'standard' format.
[    0.000000] e820: BIOS-provided physical RAM map:
[    0.000000] BIOS-e820: [mem 0x0000000000000000-0x000000000009fbff] usable
[    0.000000] BIOS-e820: [mem 0x000000000009fc00-0x000000000009ffff] reserved
[    0.000000] BIOS-e820: [mem 0x00000000000f0000-0x00000000000fffff] reserved
[    0.000000] BIOS-e820: [mem 0x0000000000100000-0x000000007ffeffff] usable
[    0.000000] BIOS-e820: [mem 0x000000007fff0000-0x000000007fffffff] ACPI data
[    0.000000] BIOS-e820: [mem 0x00000000fec00000-0x00000000fec00fff] reserved
[    0.000000] BIOS-e820: [mem 0x00000000fee00000-0x00000000fee00fff] reserved
[    0.000000] BIOS-e820: [mem 0x00000000fffc0000-0x00000000ffffffff] reserved
[    0.000000] NX (Execute Disable) protection: active
[    0.000000] SMBIOS 2.5 present.
[    0.000000] DMI: innotek GmbH VirtualBox/VirtualBox, BIOS VirtualBox 12/01/2006
[    0.000000] Hypervisor detected: KVM
[    0.000000] e820: last_pfn = 0x7fff0 max_arch_pfn = 0x400000000
[    0.000000] MTRR: Disabled
[    0.000000] x86/PAT: MTRRs disabled, skipping PAT initialization too.
[    0.000000] CPU MTRRs all blank - virtualized system.
[    0.000000] x86/PAT: Configuration [0-7]: WB  WT  UC- UC  WB  WT  UC- UC  
[    0.000000] found SMP MP-table at [mem 0x0009fff0-0x0009ffff] mapped at [        (ptrval)]
[    0.000000] Scanning 1 areas for low memory corruption
[    0.000000] RAMDISK: [mem 0x35adf000-0x36d66fff]
[    0.000000] ACPI: Early table checksum verification disabled
[    0.000000] ACPI: RSDP 0x00000000000E0000 000024 (v02 VBOX  )
[    0.000000] ACPI: XSDT 0x000000007FFF0030 00003C (v01 VBOX   VBOXXSDT 00000001 ASL  00000061)
[    0.000000] ACPI: FACP 0x000000007FFF00F0 0000F4 (v04 VBOX   VBOXFACP 00000001 ASL  00000061)
[    0.000000] ACPI: DSDT 0x000000007FFF0470 0021FF (v02 VBOX   VBOXBIOS 00000002 INTL 20160108)
[    0.000000] ACPI: FACS 0x000000007FFF0200 000040
[    0.000000] ACPI: FACS 0x000000007FFF0200 000040
[    0.000000] ACPI: APIC 0x000000007FFF0240 00005C (v02 VBOX   VBOXAPIC 00000001 ASL  00000061)
[    0.000000] ACPI: SSDT 0x000000007FFF02A0 0001CC (v01 VBOX   VBOXCPUT 00000002 INTL 20160108)
[    0.000000] No NUMA configuration found
[    0.000000] Faking a node at [mem 0x0000000000000000-0x000000007ffeffff]
[    0.000000] NODE_DATA(0) allocated [mem 0x7ffc5000-0x7ffeffff]
[    0.000000] kvm-clock: cpu 0, msr 0:7ff44001, primary cpu clock
[    0.000000] kvm-clock: Using msrs 4b564d01 and 4b564d00
[    0.000000] kvm-clock: using sched offset of 4564322801 cycles
[    0.000000] clocksource: kvm-clock: mask: 0xffffffffffffffff max_cycles: 0x1cd42e4dffb, max_idle_ns: 881590591483 ns
[    0.000000] Zone ranges:
[    0.000000]   DMA      [mem 0x0000000000001000-0x0000000000ffffff]
[    0.000000]   DMA32    [mem 0x0000000001000000-0x000000007ffeffff]
[    0.000000]   Normal   empty
[    0.000000]   Device   empty
[    0.000000] Movable zone start for each node
[    0.000000] Early memory node ranges
[    0.000000]   node   0: [mem 0x0000000000001000-0x000000000009efff]
[    0.000000]   node   0: [mem 0x0000000000100000-0x000000007ffeffff]
[    0.000000] Reserved but unavailable: 114 pages
[    0.000000] Initmem setup node 0 [mem 0x0000000000001000-0x000000007ffeffff]
[    0.000000] ACPI: PM-Timer IO Port: 0x4008
[    0.000000] IOAPIC[0]: apic_id 2, version 32, address 0xfec00000, GSI 0-23
[    0.000000] ACPI: INT_SRC_OVR (bus 0 bus_irq 0 global_irq 2 dfl dfl)
[    0.000000] ACPI: INT_SRC_OVR (bus 0 bus_irq 9 global_irq 9 high level)
[    0.000000] Using ACPI (MADT) for SMP configuration information
[    0.000000] smpboot: Allowing 2 CPUs, 0 hotplug CPUs
[    0.000000] PM: Registered nosave memory: [mem 0x00000000-0x00000fff]
[    0.000000] PM: Registered nosave memory: [mem 0x0009f000-0x0009ffff]
[    0.000000] PM: Registered nosave memory: [mem 0x000a0000-0x000effff]
[    0.000000] PM: Registered nosave memory: [mem 0x000f0000-0x000fffff]
[    0.000000] e820: [mem 0x80000000-0xfebfffff] available for PCI devices
[    0.000000] Booting paravirtualized kernel on KVM
[    0.000000] clocksource: refined-jiffies: mask: 0xffffffff max_cycles: 0xffffffff, max_idle_ns: 7645519600211568 ns
[    0.000000] random: get_random_bytes called from start_kernel+0x99/0x4fd with crng_init=0
[    0.000000] setup_percpu: NR_CPUS:8192 nr_cpumask_bits:2 nr_cpu_ids:2 nr_node_ids:1
[    0.000000] percpu: Embedded 46 pages/cpu @        (ptrval) s151552 r8192 d28672 u1048576
[    0.000000] PV qspinlock hash table entries: 256 (order: 0, 4096 bytes)
[    0.000000] Built 1 zonelists, mobility grouping on.  Total pages: 515961
[    0.000000] Policy zone: DMA32
[    0.000000] Kernel command line: BOOT_IMAGE=/boot/vmlinuz-4.15.0-45-generic root=LABEL=cloudimg-rootfs ro console=tty1 console=ttyS0
[    0.000000] Memory: 2015800K/2096696K available (12300K kernel code, 2473K rwdata, 4252K rodata, 2408K init, 2416K bss, 80896K reserved, 0K cma-reserved)
[    0.000000] SLUB: HWalign=64, Order=0-3, MinObjects=0, CPUs=2, Nodes=1
[    0.000000] Kernel/User page tables isolation: enabled
[    0.000000] ftrace: allocating 39194 entries in 154 pages
[    0.004000] Hierarchical RCU implementation.
[    0.004000] 	RCU restricting CPUs from NR_CPUS=8192 to nr_cpu_ids=2.
[    0.004000] 	Tasks RCU enabled.
[    0.004000] RCU: Adjusting geometry for rcu_fanout_leaf=16, nr_cpu_ids=2
[    0.004000] NR_IRQS: 524544, nr_irqs: 440, preallocated irqs: 16
[    0.004000] Console: colour VGA+ 80x25
[    0.004000] console [tty1] enabled
[    0.004000] console [ttyS0] enabled
[    0.004000] ACPI: Core revision 20170831
[    0.004000] ACPI: 2 ACPI AML tables successfully acquired and loaded
[    0.004000] APIC: Switch to symmetric I/O mode setup
[    0.004000] x2apic enabled
[    0.004000] Switched APIC routing to physical x2apic.
[    0.004468] ..TIMER: vector=0x30 apic1=0 pin1=2 apic2=-1 pin2=-1
[    0.008004] tsc: Detected 2499.998 MHz processor
[    0.008875] Calibrating delay loop (skipped) preset value.. 4999.99 BogoMIPS (lpj=9999992)
[    0.012004] pid_max: default: 32768 minimum: 301
[    0.012924] Security Framework initialized
[    0.013719] Yama: becoming mindful.
[    0.015496] AppArmor: AppArmor initialized
[    0.017263] Dentry cache hash table entries: 262144 (order: 9, 2097152 bytes)
[    0.019426] Inode-cache hash table entries: 131072 (order: 8, 1048576 bytes)
[    0.020020] Mount-cache hash table entries: 4096 (order: 3, 32768 bytes)
[    0.021241] Mountpoint-cache hash table entries: 4096 (order: 3, 32768 bytes)
[    0.022887] mce: CPU supports 0 MCE banks
[    0.024024] Last level iTLB entries: 4KB 512, 2MB 8, 4MB 8
[    0.025049] Last level dTLB entries: 4KB 512, 2MB 32, 4MB 32, 1GB 0
[    0.026179] Spectre V2 : Mitigation: Full generic retpoline
[    0.027221] Spectre V2 : Spectre v2 / SpectreRSB mitigation: Filling RSB on context switch
[    0.028003] Speculative Store Bypass: Vulnerable
[    0.029025] Freeing SMP alternatives memory: 36K
[    0.036000] smpboot: CPU0: Intel(R) Xeon(R) CPU E5-2640 0 @ 2.50GHz (family: 0x6, model: 0x2d, stepping: 0x7)
[    0.036175] Performance Events: unsupported p6 CPU model 45 no PMU driver, software events only.
[    0.040099] Hierarchical SRCU implementation.
[    0.044495] NMI watchdog: Perf event create on CPU 0 failed with -2
[    0.048010] NMI watchdog: Perf NMI watchdog permanently disabled
[    0.051228] smp: Bringing up secondary CPUs ...
[    0.052179] x86: Booting SMP configuration:
[    0.052987] .... node  #0, CPUs:      #1
[    0.004000] kvm-clock: cpu 1, msr 0:7ff44041, secondary cpu clock
[    0.004000] mce: CPU supports 0 MCE banks
[    0.059815] smp: Brought up 1 node, 2 CPUs
[    0.060009] smpboot: Max logical packages: 1
[    0.060895] smpboot: Total of 2 processors activated (9999.99 BogoMIPS)
[    0.062428] devtmpfs: initialized
[    0.064085] x86/mm: Memory block size: 128MB
[    0.065220] evm: security.selinux
[    0.065889] evm: security.SMACK64
[    0.066546] evm: security.SMACK64EXEC
[    0.068005] evm: security.SMACK64TRANSMUTE
[    0.068804] evm: security.SMACK64MMAP
[    0.069513] evm: security.apparmor
[    0.070181] evm: security.ima
[    0.070783] evm: security.capability
[    0.072138] clocksource: jiffies: mask: 0xffffffff max_cycles: 0xffffffff, max_idle_ns: 7645041785100000 ns
[    0.076016] futex hash table entries: 512 (order: 3, 32768 bytes)
[    0.077206] pinctrl core: initialized pinctrl subsystem
[    0.080189] RTC time: 22:10:45, date: 03/06/19
[    0.084026] NET: Registered protocol family 16
[    0.085982] audit: initializing netlink subsys (disabled)
[    0.088129] audit: type=2000 audit(1551910250.741:1): state=initialized audit_enabled=0 res=1
[    0.196040] cpuidle: using governor ladder
[    0.197822] cpuidle: using governor menu
[    0.199529] ACPI: bus type PCI registered
[    0.200013] acpiphp: ACPI Hot Plug PCI Controller Driver version: 0.5
[    0.202688] PCI: Using configuration type 1 for base access
[    0.209554] HugeTLB registered 2.00 MiB page size, pre-allocated 0 pages
[    0.212243] ACPI: Added _OSI(Module Device)
[    0.216030] ACPI: Added _OSI(Processor Device)
[    0.217636] ACPI: Added _OSI(3.0 _SCP Extensions)
[    0.220017] ACPI: Added _OSI(Processor Aggregator Device)
[    0.221907] ACPI: Added _OSI(Linux-Dell-Video)
[    0.223499] ACPI: Added _OSI(Linux-Lenovo-NV-HDMI-Audio)
[    0.224009] ACPI: Added _OSI(Linux-HPI-Hybrid-Graphics)
[    0.228317] ACPI: Executed 1 blocks of module-level executable AML code
[    0.238473] ACPI: Interpreter enabled
[    0.239791] ACPI: (supports S0 S5)
[    0.240009] ACPI: Using IOAPIC for interrupt routing
[    0.242205] PCI: Using host bridge windows from ACPI; if necessary, use "pci=nocrs" and report a bug
[    0.244320] ACPI: Enabled 2 GPEs in block 00 to 07
[    0.260579] ACPI: PCI Root Bridge [PCI0] (domain 0000 [bus 00-ff])
[    0.262343] acpi PNP0A03:00: _OSC: OS supports [ASPM ClockPM Segments MSI]
[    0.264068] acpi PNP0A03:00: _OSC: not requesting OS control; OS requires [ExtendedConfig ASPM ClockPM MSI]
[    0.266856] acpi PNP0A03:00: fail to add MMCONFIG information, can't access extended PCI configuration space under this bridge.
[    0.268618] PCI host bridge to bus 0000:00
[    0.272010] pci_bus 0000:00: root bus resource [io  0x0000-0x0cf7 window]
[    0.273840] pci_bus 0000:00: root bus resource [io  0x0d00-0xffff window]
[    0.275629] pci_bus 0000:00: root bus resource [mem 0x000a0000-0x000bffff window]
[    0.276021] pci_bus 0000:00: root bus resource [mem 0x80000000-0xffdfffff window]
[    0.280008] pci_bus 0000:00: root bus resource [bus 00-ff]
[    0.284374] pci 0000:00:01.1: legacy IDE quirk: reg 0x10: [io  0x01f0-0x01f7]
[    0.286134] pci 0000:00:01.1: legacy IDE quirk: reg 0x14: [io  0x03f6]
[    0.287755] pci 0000:00:01.1: legacy IDE quirk: reg 0x18: [io  0x0170-0x0177]
[    0.288007] pci 0000:00:01.1: legacy IDE quirk: reg 0x1c: [io  0x0376]
[    0.325812] pci 0000:00:07.0: quirk: [io  0x4000-0x403f] claimed by PIIX4 ACPI
[    0.328027] pci 0000:00:07.0: quirk: [io  0x4100-0x410f] claimed by PIIX4 SMB
[    0.350779] ACPI: PCI Interrupt Link [LNKA] (IRQs 5 9 10 *11)
[    0.352511] ACPI: PCI Interrupt Link [LNKB] (IRQs 5 9 10 *11)
[    0.356333] ACPI: PCI Interrupt Link [LNKC] (IRQs 5 9 *10 11)
[    0.360229] ACPI: PCI Interrupt Link [LNKD] (IRQs 5 *9 10 11)
[    0.362599] SCSI subsystem initialized
[    0.364132] pci 0000:00:02.0: vgaarb: setting as boot VGA device
[    0.365569] pci 0000:00:02.0: vgaarb: VGA device added: decodes=io+mem,owns=io+mem,locks=none
[    0.368011] pci 0000:00:02.0: vgaarb: bridge control possible
[    0.372005] vgaarb: loaded
[    0.376054] ACPI: bus type USB registered
[    0.380034] usbcore: registered new interface driver usbfs
[    0.384028] usbcore: registered new interface driver hub
[    0.388034] usbcore: registered new device driver usb
[    0.392092] EDAC MC: Ver: 3.0.0
[    0.392946] PCI: Using ACPI for IRQ routing
[    0.396360] NetLabel: Initializing
[    0.400004] NetLabel:  domain hash size = 128
[    0.400845] NetLabel:  protocols = UNLABELED CIPSOv4 CALIPSO
[    0.404025] NetLabel:  unlabeled traffic allowed by default
[    0.405078] clocksource: Switched to clocksource kvm-clock
[    0.421905] VFS: Disk quotas dquot_6.6.0
[    0.534341] VFS: Dquot-cache hash table entries: 512 (order 0, 4096 bytes)
[    0.600127] AppArmor: AppArmor Filesystem Enabled
[    0.601107] pnp: PnP ACPI init
[    0.603063] pnp: PnP ACPI: found 3 devices
[    0.614966] clocksource: acpi_pm: mask: 0xffffff max_cycles: 0xffffff, max_idle_ns: 2085701024 ns
[    0.628771] NET: Registered protocol family 2
[    0.629943] TCP established hash table entries: 16384 (order: 5, 131072 bytes)
[    0.631407] TCP bind hash table entries: 16384 (order: 6, 262144 bytes)
[    0.637591] TCP: Hash tables configured (established 16384 bind 16384)
[    0.638807] UDP hash table entries: 1024 (order: 3, 32768 bytes)
[    0.639913] UDP-Lite hash table entries: 1024 (order: 3, 32768 bytes)
[    0.641170] NET: Registered protocol family 1
[    0.642011] pci 0000:00:00.0: Limiting direct PCI/PCI transfers
[    0.643124] pci 0000:00:01.0: Activating ISA DMA hang workarounds
[    0.644308] pci 0000:00:02.0: Video device with shadowed ROM at [mem 0x000c0000-0x000dffff]
[    0.645939] Unpacking initramfs...
[    0.993591] Freeing initrd memory: 18976K
[    1.027973] platform rtc_cmos: registered platform RTC device (no PNP device found)
[    1.030023] Scanning for low memory corruption every 60 seconds
[    1.032367] Initialise system trusted keyrings
[    1.033559] Key type blacklist registered
[    1.038048] workingset: timestamp_bits=36 max_order=19 bucket_order=0
[    1.043155] zbud: loaded
[    1.046355] squashfs: version 4.0 (2009/01/31) Phillip Lougher
[    1.048354] fuse init (API version 7.26)
[    1.054969] Key type asymmetric registered
[    1.058057] Asymmetric key parser 'x509' registered
[    1.059451] Block layer SCSI generic (bsg) driver version 0.4 loaded (major 246)
[    1.061675] io scheduler noop registered
[    1.062776] io scheduler deadline registered
[    1.063933] io scheduler cfq registered (default)
[    1.065751] ACPI: AC Adapter [AC] (on-line)
[    1.066966] input: Power Button as /devices/LNXSYSTM:00/LNXPWRBN:00/input/input0
[    1.068896] ACPI: Power Button [PWRF]
[    1.069938] input: Sleep Button as /devices/LNXSYSTM:00/LNXSLPBN:00/input/input1
[    1.071805] ACPI: Sleep Button [SLPF]
[    1.073224] Serial: 8250/16550 driver, 32 ports, IRQ sharing enabled
[    1.097623] 00:02: ttyS0 at I/O 0x3f8 (irq = 4, base_baud = 115200) is a 16550A
[    1.101787] Linux agpgart interface v0.103
[    1.105710] loop: module loaded
[    1.108638] scsi host0: ata_piix
[    1.109720] scsi host1: ata_piix
[    1.110638] ata1: PATA max UDMA/33 cmd 0x1f0 ctl 0x3f6 bmdma 0xd000 irq 14
[    1.112307] ata2: PATA max UDMA/33 cmd 0x170 ctl 0x376 bmdma 0xd008 irq 15
[    1.114180] libphy: Fixed MDIO Bus: probed
[    1.115310] tun: Universal TUN/TAP device driver, 1.6
[    1.116692] PPP generic driver version 2.4.2
[    1.117845] ehci_hcd: USB 2.0 'Enhanced' Host Controller (EHCI) Driver
[    1.119439] ehci-pci: EHCI PCI platform driver
[    1.120602] ehci-platform: EHCI generic platform driver
[    1.121905] ohci_hcd: USB 1.1 'Open' Host Controller (OHCI) Driver
[    1.125693] ohci-pci: OHCI PCI platform driver
[    1.126865] ohci-platform: OHCI generic platform driver
[    1.128199] uhci_hcd: USB Universal Host Controller Interface driver
[    1.129873] i8042: PNP: PS/2 Controller [PNP0303:PS2K,PNP0f03:PS2M] at 0x60,0x64 irq 1,12
[    1.132504] serio: i8042 KBD port at 0x60,0x64 irq 1
[    1.133791] serio: i8042 AUX port at 0x60,0x64 irq 12
[    1.135219] mousedev: PS/2 mouse device common for all mice
[    1.137005] input: AT Translated Set 2 keyboard as /devices/platform/i8042/serio0/input/input2
[    1.139590] rtc_cmos rtc_cmos: rtc core: registered rtc_cmos as rtc0
[    1.141276] rtc_cmos rtc_cmos: alarms up to one day, 114 bytes nvram
[    1.167981] i2c /dev entries driver
[    1.278317] pcie_mp2_amd: AMD(R) PCI-E MP2 Communication Driver Version: 1.0
[    1.497750] device-mapper: uevent: version 1.0.3
[    1.562685] device-mapper: ioctl: 4.37.0-ioctl (2017-09-20) initialised: dm-devel@redhat.com
[    1.937855] ledtrig-cpu: registered to indicate activity on CPUs
[    2.009432] NET: Registered protocol family 10
[    2.017085] Segment Routing with IPv6
[    2.317471] tsc: Refined TSC clocksource calibration: 2501.731 MHz
[    2.567986] clocksource: tsc: mask: 0xffffffffffffffff max_cycles: 0x240f9d19a9a, max_idle_ns: 440795299266 ns
[    2.568098] NET: Registered protocol family 17
[    2.568165] Key type dns_resolver registered
[    2.571843] RAS: Correctable Errors collector initialized.
[    2.578198] sched_clock: Marking stable (2578082193, 0)->(3575143956, -997061763)
[    2.580631] registered taskstats version 1
[    2.581441] Loading compiled-in X.509 certificates
[    2.585858] Loaded X.509 cert 'Build time autogenerated kernel key: e3b8f44ffaaceef3e3a84cfaebd8e5a9acebeaad'
[    2.588811] zswap: loaded using pool lzo/zbud
[    2.594657] Key type big_key registered
[    2.596769] Key type trusted registered
[    2.600019] Key type encrypted registered
[    2.600820] AppArmor: AppArmor sha1 policy hashing enabled
[    2.601822] ima: No TPM chip found, activating TPM-bypass! (rc=-19)
[    2.602978] ima: Allocated hash algorithm: sha1
[    2.603850] evm: HMAC attrs: 0x1
[    2.604890]   Magic number: 11:382:198
[    2.605796] rtc_cmos rtc_cmos: setting system clock to 2019-03-06 22:10:48 UTC (1551910248)
[    2.614212] BIOS EDD facility v0.16 2004-Jun-25, 0 devices found
[    2.617105] EDD information not available.
[    2.621252] Freeing unused kernel memory: 2408K
[    2.644035] Write protecting the kernel read-only data: 20480k
[    2.749805] Freeing unused kernel memory: 2008K
[    2.757075] Freeing unused kernel memory: 1892K
[    2.875379] x86/mm: Checked W+X mappings: passed, no W+X pages found.
[    2.971816] x86/mm: Checking user space page tables
[    3.059633] x86/mm: Checked W+X mappings: passed, no W+X pages found.
Loading, please wait...
starting version 237
[    3.354689] e1000: Intel(R) PRO/1000 Network Driver - version 7.3.21-k8-NAPI
[    3.548524] e1000: Copyright (c) 1999-2006 Intel Corporation.
[    3.550374] Fusion MPT base driver 3.04.20
[    3.553186] Copyright (c) 1999-2008 LSI Corporation
[    3.564783] Fusion MPT SPI Host driver 3.04.20
[    3.676798] AVX version of gcm_enc/dec engaged.
[    3.679115] AES CTR mode by8 optimization enabled
[    3.767888] input: ImExPS/2 Generic Explorer Mouse as /devices/platform/i8042/serio1/input/input4
[    4.021359] e1000 0000:00:03.0 eth0: (PCI:33MHz:32-bit) 02:a6:df:13:43:75
[    4.258091] e1000 0000:00:03.0 eth0: Intel(R) PRO/1000 Network Connection
[    4.260961] mptbase: ioc0: Initiating bringup
[    4.356243] ioc0: LSI53C1030 A0: Capabilities={Initiator}
[    4.602729] scsi host2: ioc0: LSI53C1030 A0, FwRev=00000000h, Ports=1, MaxQ=256, IRQ=20
[    4.797487] scsi 2:0:0:0: Direct-Access     VBOX     HARDDISK         1.0  PQ: 0 ANSI: 5
[    4.952135] scsi target2:0:0: Beginning Domain Validation
[    4.962561] scsi target2:0:0: Domain Validation skipping write tests
[    4.969233] scsi target2:0:0: Ending Domain Validation
[    4.970341] scsi target2:0:0: asynchronous
[    4.972748] scsi 2:0:1:0: Direct-Access     VBOX     HARDDISK         1.0  PQ: 0 ANSI: 5
[    5.181280] scsi target2:0:1: Beginning Domain Validation
[    5.189913] random: fast init done
[    5.191091] scsi target2:0:1: Domain Validation skipping write tests
[    5.196183] scsi target2:0:1: Ending Domain Validation
[    5.198706] scsi target2:0:1: asynchronous
[    5.202006] random: systemd-udevd: uninitialized urandom read (16 bytes read)
[    5.202091] e1000 0000:00:08.0 eth1: (PCI:33MHz:32-bit) 08:00:27:a7:d2:6b
[    5.202094] e1000 0000:00:08.0 eth1: Intel(R) PRO/1000 Network Connection
[    5.208314] random: systemd-udevd: uninitialized urandom read (16 bytes read)
[    5.258538] random: systemd-udevd: uninitialized urandom read (16 bytes read)
[    5.266968] sd 2:0:0:0: Attached scsi generic sg0 type 0
[    5.268315] sd 2:0:0:0: [sda] 20971520 512-byte logical blocks: (10.7 GB/10.0 GiB)
[    5.269439] e1000 0000:00:03.0 enp0s3: renamed from eth0
[    5.272801] sd 2:0:1:0: Attached scsi generic sg1 type 0
[    5.272897] sd 2:0:0:0: [sda] Write Protect is off
[    5.273102] sd 2:0:0:0: [sda] Incomplete mode parameter data
[    5.273104] sd 2:0:0:0: [sda] Assuming drive cache: write through
[    5.273195] sd 2:0:1:0: [sdb] 20480 512-byte logical blocks: (10.5 MB/10.0 MiB)
[    5.273304] sd 2:0:1:0: [sdb] Write Protect is off
[    5.273397] sd 2:0:1:0: [sdb] Incomplete mode parameter data
[    5.273398] sd 2:0:1:0: [sdb] Assuming drive cache: write through
[    5.288658] e1000 0000:00:08.0 enp0s8: renamed from eth1
[    5.299538]  sda: sda1
[    5.308760] sd 2:0:0:0: [sda] Attached SCSI disk
[    5.324721] sd 2:0:1:0: [sdb] Attached SCSI disk
Begin: Loading essential drivers ... [    6.972045] raid6: sse2x1   gen()  6137 MB/s
[    7.116040] raid6: sse2x1   xor()  4990 MB/s
[    7.244041] raid6: sse2x2   gen()  8153 MB/s
[    7.308042] raid6: sse2x2   xor()  5772 MB/s
[    7.468036] raid6: sse2x4   gen()  9906 MB/s
[    7.596046] raid6: sse2x4   xor()  6706 MB/s
[    7.633818] raid6: using algorithm sse2x4 gen() 9906 MB/s
[    7.634832] raid6: .... xor() 6706 MB/s, rmw enabled
[    7.635751] raid6: using ssse3x2 recovery algorithm
[    7.638893] xor: automatically using best checksumming function   avx       
[    7.643243] async_tx: api initialized (async)
done.
Begin: Running /scripts/init-premount ... done.
Begin: Mounting root file system ... Begin: Running /scripts/local-top ... done.
Begin: Running /scripts/local-premount ... [    7.715264] Btrfs loaded, crc32c=crc32c-intel
Scanning for Btrfs filesystems
done.
Warning: fsck not present, so skipping root file system
[    7.774478] EXT4-fs (sda1): mounted filesystem with ordered data mode. Opts: (null)
done.
Begin: Running /scripts/local-bottom ... done.
Begin: Running /scripts/init-bottom ... done.
[    8.445751] ip_tables: (C) 2000-2006 Netfilter Core Team
[    8.626281] systemd[1]: systemd 237 running in system mode. (+PAM +AUDIT +SELINUX +IMA +APPARMOR +SMACK +SYSVINIT +UTMP +LIBCRYPTSETUP +GCRYPT +GNUTLS +ACL +XZ +LZ4 +SECCOMP +BLKID +ELFUTILS +KMOD -IDN2 +IDN -PCRE2 default-hierarchy=hybrid)
[    8.703318] systemd[1]: Detected virtualization oracle.
[    8.709819] systemd[1]: Detected architecture x86-64.

Welcome to [1mUbuntu 18.04.1 LTS[0m!

[    8.728942] systemd[1]: Set hostname to <ubuntu>.
[    8.736516] systemd[1]: Initializing machine ID from random generator.
[    8.737785] systemd[1]: Installed transient /etc/machine-id file.
[    9.557556] systemd[1]: Created slice System Slice.
[[0;32m  OK  [0m] Created slice System Slice.
[    9.573082] systemd[1]: Listening on udev Control Socket.
[[0;32m  OK  [0m] Listening on udev Control Socket.
[    9.575483] systemd[1]: Reached target User and Group Name Lookups.
[[0;32m  OK  [0m] Reached target User and Group Name Lookups.
[    9.578134] systemd[1]: Reached target Swap.
[[0;32m  OK  [0m] Reached target Swap.
[[0;32m  OK  [0m] Listening on Journal Socket.
         Starting Remount Root and Kernel File Systems...
         Mounting Kernel Debug File System...
[[0;32m  OK  [0m] Listening on Journal Audit Socket.
[[0;32m  OK  [0m] Listening on LVM2 poll daemon socket.
[[0;32m  OK  [0m] Set up automount Arbitrary Executabâ€¦rmats File System Automount Point.
[[0;32m  OK  [0m] Listening on Device-mapper event daemon FIFOs.
[[0;32m  OK  [0m] Started Forward Password Requests to Wall Directory Watch.
         Starting Set the console keyboard layout...
         Mounting POSIX Message Queue File System...
[[0;32m  OK  [0m] Listening on /dev/initctl Compatibility Named Pipe.
[[0;32m  OK  [0m] Listening on LVM2 metadata daemon socket.
         Starting Monitoring of LVM2 mirrorsâ€¦ng dmeventd or progress polling...
[[0;32m  OK  [0m] Listening on Syslog Socket.
         Starting Create list of required stâ€¦ce nodes for the current kernel...
         Mounting Huge Pages File System...
         Starting Uncomplicated firewall...
[[0;32m  OK  [0m] Reached target System Time Synchronized.
[[0;32m  OK  [0m] Created slice system-serial\x2dgetty.slice.
[[0;32m  OK  [0m] Listening on Journal Socket (/dev/log).
         Starting Journal Service...
[[0;32m  OK  [0m] Listening on Network Service Netlink Socket.
         Starting Load Kernel Modules...
[[0;32m  OK  [0m] Created slice User and Session Slice.
[[0;32m  OK  [0m] Reached target Slices.
[[0;32m  OK  [0m] Listening on [    9.991433] Loading iSCSI transport class v2.0-870.
udev Kernel Socket.
         Starting udev Coldplug all Devices...
[[0;32m  OK  [0m] Started Journal Service.
[[0;32m  OK  [0m] Started Create list of required staâ€¦vice nodes for the current kernel.
[[0;32m  OK  [0m] Started Uncomplicated firewall.
         Starting Create Static Device Nodes in /dev...
[   10.186345] iscsi: registered transport (tcp)
[   10.267049] random: crng init done
[   10.269562] random: 7 urandom warning(s) missed due to ratelimiting
[[0;32m  OK  [0m] Mounted Huge Pages File System.
[[0;32m  OK  [0m] Mounted POSIX Message Queue File System.
[[0;32m  OK  [0m] Mounted Kernel Debug File System.
[   10.350196] EXT4-fs (sda1): re-mounted. Opts: (null)
[[0;32m  OK  [0m] Started Remount Root and Kernel File Systems.
[[0;32m  OK  [0m] Started Create Static Device Nodes in /dev.
[[0;32m  OK  [0m] Started udev Coldplug all Devices.
         Starting Initial cloud-init job (pre-networking)...
         Starting Flush Journal to Persistent Storage...
[   10.470817] iscsi: registered transport (iser)
         Starting udev Kernel Device Manager...
         Starting Load/Save Random Seed...
[[0;32m  OK  [0m] Started Load Kernel Modules.
[[0;32m  OK  [0m] Started LVM2 metadata daemon.
         Starting Apply Kernel Variables...
         Mounting FUSE Control File System...
         Mounting Kernel Configuration File System...
[[0;32m  OK  [0m] Started Set the console keyboard layout.
[[0;32m  OK  [0m] Started Load/Save Random Seed.
[[0;32m  OK  [0m] Mounted FUSE Control File System.
[[0;32m  OK  [0m] Mounted Kernel Configuration File System.
[[0;32m  OK  [0m] Started udev Kernel Device Manager.
[[0;32m  OK  [0m] Started Monitoring of LVM2 mirrors,â€¦sing dmeventd or progress polling.
[[0;32m  OK  [0m] Started Apply Kernel Variables.
[[0;32m  OK  [0m] Reached target Local File Systems (Pre).
[[0;32m  OK  [0m] Reached target Local File Systems.
         Starting AppArmor initialization...
         Starting Set console font and keymap...
         Starting Tell Plymouth To Write Out Runtime Data...
         Starting ebtables ruleset management...
         Starting Commit a transient machine-id on disk...
[[0;32m  OK  [0m] Started Dispatch Password Requests to Console Directory Watch.
[[0;32m  OK  [0m] Reached target Local Encrypted Volumes.
[[0;32m  OK  [0m] Started Flush Journal to Persistent Storage.
[[0;32m  OK  [0m] Started Set console font and keymap.
[[0;32m  OK  [0m] Started Tell Plymouth To Write Out Runtime Data.
[[0;32m  OK  [0m] Found device /dev/ttyS0.
[[0;32m  OK  [0m] Started Commit a transient machine-id on disk.
[[0;32m  OK  [0m] Listening on Load/Save RF Kill Switch Status /dev/rfkill Watch.
         Starting Create Volatile Files and Directories...
[[0;32m  OK  [0m] Started ebtables ruleset management.
[[0;32m  OK  [0m] Started Create Volatile Files and Directories.
         Starting Update UTMP about System Boot/Shutdown...
[[0;32m  OK  [0m] Started Update UTMP about System Boot/Shutdown.
[[0;32m  OK  [0m] Started AppArmor initialization.
[   16.030407] cloud-init[396]: Cloud-init v. 18.4-0ubuntu1~18.04.1 running 'init-local' at Wed, 06 Mar 2019 22:11:00 +0000. Up 14.92 seconds.
[[0;32m  OK  [0m] Started Initial cloud-init job (pre-networking).
[[0;32m  OK  [0m] Reached target Network (Pre).
         Starting Network Service...
[[0;32m  OK  [0m] Started Network Service.
         Starting Network Name Resolution...
         Starting Wait for Network to be Configured...
[[0;32m  OK  [0m] Started Network Name Resolution.
[[0;32m  OK  [0m] Reached target Host and Network Name Lookups.
[[0;32m  OK  [0m] Reached target Network.
[[0;32m  OK  [0m] Started Wait for Network to be Configured.
         Starting Initial cloud-init job (metadata service crawler)...
[   18.351761] cloud-init[652]: Cloud-init v. 18.4-0ubuntu1~18.04.1 running 'init' at Wed, 06 Mar 2019 22:11:03 +0000. Up 18.10 seconds.
[   18.363649] cloud-init[652]: ci-info: ++++++++++++++++++++++++++++++++++++++Net device info+++++++++++++++++++++++++++++++++++++++
[   18.366059] cloud-init[652]: ci-info: +--------+-------+----------------------------+---------------+--------+-------------------+
[   18.368338] cloud-init[652]: ci-info: | Device |   Up  |          Address           |      Mask     | Scope  |     Hw-Address    |
[   18.370395] cloud-init[652]: ci-info: +--------+-------+----------------------------+---------------+--------+-------------------+
[   18.372465] cloud-init[652]: ci-info: | enp0s3 |  True |         10.0.2.15          | 255.255.255.0 | global | 02:a6:df:13:43:75 |
[   18.374526] cloud-init[652]: ci-info: | enp0s3 |  True | fe80::a6:dfff:fe13:4375/64 |       .       |  link  | 02:a6:df:13:43:75 |
[   18.376595] cloud-init[652]: ci-info: | enp0s8 | False |             .              |       .       |   .    | 08:00:27:a7:d2:6b |
[   18.378646] cloud-init[652]: ci-info: |   lo   |  True |         127.0.0.1          |   255.0.0.0   |  host  |         .         |
[   18.380700] cloud-init[652]: ci-info: |   lo   |  True |          ::1/128           |       .       |  host  |         .         |
[   18.382748] cloud-init[652]: ci-info: +--------+-------+----------------------------+---------------+--------+-------------------+
[   18.393230] cloud-init[652]: ci-info: ++++++++++++++++++++++++++++Route IPv4 info+++++++++++++++++++++++++++++
[   18.400244] cloud-init[652]: ci-info: +-------+-------------+----------+-----------------+-----------+-------+
[   18.424263] cloud-init[652]: ci-info: | Route | Destination | Gateway  |     Genmask     | Interface | Flags |
[   18.436248] cloud-init[652]: ci-info: +-------+-------------+----------+-----------------+-----------+-------+
[   18.458293] cloud-init[652]: ci-info: |   0   |   0.0.0.0   | 10.0.2.2 |     0.0.0.0     |   enp0s3  |   UG  |
[   18.460632] cloud-init[652]: ci-info: |   1   |   10.0.2.0  | 0.0.0.0  |  255.255.255.0  |   enp0s3  |   U   |
[   18.462790] cloud-init[652]: ci-info: |   2   |   10.0.2.2  | 0.0.0.0  | 255.255.255.255 |   enp0s3  |   UH  |
[   18.464710] cloud-init[652]: ci-info: +-------+-------------+----------+-----------------+-----------+-------+
[   18.466649] cloud-init[652]: ci-info: +++++++++++++++++++Route IPv6 info+++++++++++++++++++
[   18.468427] cloud-init[652]: ci-info: +-------+-------------+---------+-----------+-------+
[   18.470097] cloud-init[652]: ci-info: | Route | Destination | Gateway | Interface | Flags |
[   18.472501] cloud-init[652]: ci-info: +-------+-------------+---------+-----------+-------+
[   18.486480] cloud-init[652]: ci-info: |   1   |  fe80::/64  |    ::   |   enp0s3  |   U   |
[   18.501535] cloud-init[652]: ci-info: |   3   |    local    |    ::   |   enp0s3  |   U   |
[   18.504114] cloud-init[652]: ci-info: |   4   |   ff00::/8  |    ::   |   enp0s3  |   U   |
[   18.506251] cloud-init[652]: ci-info: +-------+-------------+---------+-----------+-------+
[   20.948455] cloud-init[652]: Generating public/private rsa key pair.
[   20.963535] cloud-init[652]: Your identification has been saved in /etc/ssh/ssh_host_rsa_key.
[   20.965349] cloud-init[652]: Your public key has been saved in /etc/ssh/ssh_host_rsa_key.pub.
[   20.967829] cloud-init[652]: The key fingerprint is:
[   21.000393] cloud-init[652]: SHA256:ftxrWJ5XusefU84AhuE1XmfxCYN0yM9z1zPSegZAOtw root@ubuntu-bionic
[[0;32m  OK  [0m] Started Initial cloud-init job (metadata service crawler).
[[0;32m  OK  [0m] Reached target System Initialization.
[[0;32m  OK  [0m] Listening on Open-iSCSI iscsid Socket.
[   21.056643] cloud-init[652]: The key's randomart image is:
         [   21.104303] cloud-init[652]: +---[RSA 2048]----+
Starting Socket activation for snappy daemon.
[   21.104501] cloud-init[652]: |          +oo+ ..|
[[   21.136234] cloud-init[652]: |        . +=+ + =|
[0;32m  OK  [0m[   21.136558] cloud-init[652]: |         = E+o.+o|
] Started Daily apt download activities.
[   21.136888] cloud-init[652]: |          + +* =o|
[   21.157783] cloud-init[652]: |        S  . .* +|
[   21.158800] cloud-init[652]: |       . . ....oo|
[   21.159748] cloud-init[652]: |        . o+..oB.|
[[   21.160649] cloud-init[652]: |         .. +.o.*|
[0;32m  OK  [0m[   21.160938] cloud-init[652]: |           ....++|
] [   21.161990] cloud-init[652]: +----[SHA256]-----+
Started ACPI Events Check.[   21.162937] cloud-init[652]: Generating public/private dsa key pair.

[   21.164002] cloud-init[652]: Your identification has been saved in /etc/ssh/ssh_host_dsa_key.
[[   21.166263] cloud-init[652]: Your public key has been saved in /etc/ssh/ssh_host_dsa_key.pub.
[0;32m  OK  [0m[   21.166545] cloud-init[652]: The key fingerprint is:
] [   21.168069] cloud-init[652]: SHA256:k0EgPwbAaSggwu2b/HXfyoyoHjdF4pLVPSQup1TQeaA root@ubuntu-bionic
Reached target Paths.[   21.168948] cloud-init[652]: The key's randomart image is:

[   21.170456] cloud-init[652]: +---[DSA 1024]----+
[[   21.189165] cloud-init[652]: |*oooo .o++o.     |
[0;32m  OK  [0m[   21.189492] cloud-init[652]: |=.+. + .=o+.     |
] Started Daily apt upgrade and clean activities.
[   21.189799] cloud-init[652]: |...   +E.=.o     |
[   21.224490] cloud-init[652]: |   . .=.*o  .    |
[   21.225842] cloud-init[652]: |  . oo oS.       |
[[   21.227280] cloud-init[652]: |   +  ...o       |
[0;32m  OK  [0m[   21.227742] cloud-init[652]: |    ...o. . .    |
] [   21.229628] cloud-init[652]: |     .o o +. .   |
Started Discard unused blocks once a week.[   21.230928] cloud-init[652]: |    .o.. . +.    |

[   21.232596] cloud-init[652]: +----[SHA256]-----+
[   21.233772] cloud-init[652]: Generating public/private ecdsa key pair.
[   21.234365] cloud-init[652]: Your identification has been saved in /etc/ssh/ssh_host_ecdsa_key.
[   21.234799] cloud-init[652]: Your public key has been saved in /etc/ssh/ssh_host_ecdsa_key.pub.
[   21.235266] cloud-init[652]: The key fingerprint is:
[   21.235980] cloud-init[652]: SHA256:Hh1gwDGytE8loLE48mN6uZo8IPHhW+kZx6i2LcL3g5k root@ubuntu-bionic
[   21.236474] cloud-init[652]: The key's randomart image is:
[[   21.256186] cloud-init[652]: +---[ECDSA 256]---+
[0;32m  OK  [0m[   21.256445] cloud-init[652]: |  . +o=o+        |
] Listening on D-Bus System Message Bus Socket.
[   21.257303] cloud-init[652]: | . = +.= .       |
[   21.260219] cloud-init[652]: |+ o o .   .      |
[   21.261017] cloud-init[652]: |oo.  o   . .     |
[   21.261829] cloud-init[652]: | ++. +. S .      |
[   21.262656] cloud-init[652]: |oooo= o. .       |
[   21.263411] cloud-init[652]: |= o=++  .        |
[   21.264219] cloud-init[652]: |o==Eo.           |
[   21.269249] cloud-init[652]: |o==oo..          |
[   21.270085] cloud-init[652]: +----[SHA256]-----+
[   21.270922] cloud-init[652]: Generating public/private ed25519 key pair.
[   21.271978] cloud-init[652]: Your identification has been saved in /etc/ssh/ssh_host_ed25519_key.
[   21.273329] cloud-init[652]: Your public key has been saved in /etc/ssh/ssh_host_ed25519_key.pub.
[   21.274725] cloud-init[652]: The key fingerprint is:
[   21.275515] cloud-init[652]: SHA256:JQUwfYz3TqMO/ibPs58XhEMMHCPuh32m6o1kLUsRMWQ root@ubuntu-bionic
[   21.276843] cloud-init[652]: The key's randomart image is:
[   21.277703] cloud-init[652]: +--[ED25519 256]--+
[   21.278473] cloud-init[652]: |      o+E==+     |
[   21.279229] cloud-init[652]: |       +o==.o    |
[   21.280021] cloud-init[652]: |        +o.o .   |
[   21.280796] cloud-init[652]: |       . *  * .  |
         [   21.296309] Starting LXD - unix socket.cloud-init
[652]: |        S o+o+   |
[[0;32m  OK  [0m[   21.335381] cloud-init[652]: |        .+.+. .  |
] Listening on ACPID Listen Socket.
[   21.335943] cloud-init[652]: |       .=oo    . |
[[   21.360257] cloud-init[652]: |       +oB+  ..  |
[0;32m  OK  [0m] Started Daily Cleanup of Temporary Directories.
[   21.360637] cloud-init[652]: |       .==*+o.   |
[[   21.388142] cloud-init[652]: +----[SHA256]-----+
[0;32m  OK  [0m] Started Message of the Day.
[[0;32m  OK  [0m] Reached target Timers.
[[0;32m  OK  [0m] Listening on UUID daemon activation socket.
[[0;32m  OK  [0m] Reached target Cloud-config availability.
[[0;32m  OK  [0m] Reached target Network is Online.
[[0;32m  OK  [0m] Reached target Remote File Systems (Pre).
[[0;32m  OK  [0m] Reached target Remote File Systems.
         Starting Availability of block devices...
[[0;32m  OK  [0m] Listening on Socket activation for snappy daemon.
[[0;32m  OK  [0m] Listening on LXD - unix socket.
[[0;32m  OK  [0m] Reached target Sockets.
[[0;32m  OK  [0m] Reached target Basic System.
[[0;32m  OK  [0m] Started irqbalance daemon.
         Starting LSB: Record successful boot for GRUB...
         Starting Virtualbox guest utils...
         Starting Accounts Service...
         Starting LXD - container startup/shutdown...
[[0;32m  OK  [0m] Started Regular background program processing daemon.
[[0;32m  OK  [0m] Started D-Bus System Message Bus.
         Starting Dispatcher daemon for systemd-networkd...
         Starting Login Service...
         Starting System Logging Service...
         Starting Pollinate to seed the pseudo random number generator...
[[0;32m  OK  [0m] Started FUSE filesystem for LXC.
         Starting LSB: automatic crash report generation...
         Starting Permit User Sessions...
[[0;32m  OK  [0m] Started Deferred execution scheduler.
         Starting Snappy daemon...
[[0;32m  OK  [0m] Started System Logging Service.
[[0;32m  OK  [0m] Started Availability of block devices.
[[0;32m  OK  [0m] Started Permit User Sessions.
[[0;32m  OK  [0m] Started Login Service.
[[0;32m  OK  [0m] Started Unattended Upgrades Shutdown.
         Starting Authorization Manager...
         Starting Terminate Plymouth Boot Screen...
         Starting Hold until boot process finishes up...
[[0;32m  OK  [0m] Started Hold until boot process finishes up.
         Starting Set console scheme...
[[0;32m  OK  [0m] Started Serial Getty on ttyS0.
[[0;32m  OK  [0m] Started Terminate Plymouth Boot Screen.
[[0;32m  OK  [0m] Started LSB: automatic crash report generation.
[[0;32m  OK  [0m] Started Set console scheme.
[[0;32m  OK  [0m] Started LSB: Record successful boot for GRUB.
[[0;32m  OK  [0m] Created slice system-getty.slice.
[[0;32m  OK  [0m] Started Getty on tty1.
[[0;32m  OK  [0m] Reached target Login Prompts.
[[0;32m  OK  [0m] Started Authorization Manager.
[[0;32m  OK  [0m] Started Accounts Service.
[[0;32m  OK  [0m] Started Virtualbox guest utils.
[[0;32m  OK  [0m] Started Dispatcher daemon for systemd-networkd.
[[0;32m  OK  [0m] Started LXD - container startup/shutdown.
[[0;32m  OK  [0m] Started Snappy daemon.
         Starting Wait until snapd is fully seeded...

Ubuntu 18.04.1 LTS ubuntu-bionic ttyS0

ubuntu-bionic login: [   67.886224] cloud-init[2335]: Cloud-init v. 18.4-0ubuntu1~18.04.1 running 'modules:config' at Wed, 06 Mar 2019 22:11:52 +0000. Up 66.78 seconds.
ci-info: no authorized ssh keys fingerprints found for user ubuntu.
<14>Mar  6 22:11:54 ec2: 
<14>Mar  6 22:11:54 ec2: #############################################################
<14>Mar  6 22:11:54 ec2: -----BEGIN SSH HOST KEY FINGERPRINTS-----
<14>Mar  6 22:11:54 ec2: 1024 SHA256:k0EgPwbAaSggwu2b/HXfyoyoHjdF4pLVPSQup1TQeaA root@ubuntu-bionic (DSA)
<14>Mar  6 22:11:54 ec2: 256 SHA256:Hh1gwDGytE8loLE48mN6uZo8IPHhW+kZx6i2LcL3g5k root@ubuntu-bionic (ECDSA)
<14>Mar  6 22:11:54 ec2: 256 SHA256:JQUwfYz3TqMO/ibPs58XhEMMHCPuh32m6o1kLUsRMWQ root@ubuntu-bionic (ED25519)
<14>Mar  6 22:11:54 ec2: 2048 SHA256:ftxrWJ5XusefU84AhuE1XmfxCYN0yM9z1zPSegZAOtw root@ubuntu-bionic (RSA)
<14>Mar  6 22:11:54 ec2: -----END SSH HOST KEY FINGERPRINTS-----
<14>Mar  6 22:11:54 ec2: #############################################################
-----BEGIN SSH HOST KEY KEYS-----
ecdsa-sha2-nistp256 AAAAE2VjZHNhLXNoYTItbmlzdHAyNTYAAAAIbmlzdHAyNTYAAABBBM92K96sdlRnUrgR4hwF0x3d5Gt5Vto28OFl1RQBZH9G3mBnt3SQ0AHjpf0zWY32BzQ44bAiIo+PpZawJR3Y2vY= root@ubuntu-bionic
ssh-ed25519 AAAAC3NzaC1lZDI1NTE5AAAAIEwR/I5AFmmJamz1o5GJnOsh/vOqSU9R1cE4ccIgl6dS root@ubuntu-bionic
ssh-rsa AAAAB3NzaC1yc2EAAAADAQABAAABAQC2iCV76MxGQv87hPhFLkPYNbNVx+1saU8LC3iGRfsabOOdtbzwowBi1FNBIg+dYwbp3nyej8+Z+pMOcZ99n/ruKzSPxqx0FNDyzfTWHGGZtfZih+WLTTz9wTMnnUMnACqM1ZJuMlvhSrzn2nrkG7+75lVVTx9LCm9jyjH76JeFqklRgwkhgyaLcduPTSWNBeh1DaC1jgvN5ZHtolvesDDaZaCZS5vzKdV2OuJA+c24tD2EiGOO0AjQ0EYGCrIVNhSNrKil0b1MYoK+u5iJCAXetLfoB7zZPb63MXCfhU8jkFlyOTosdwjD+K9P0+JfLquY3EZAr9zsVOXXGugxinZV root@ubuntu-bionic
-----END SSH HOST KEY KEYS-----
[   68.850217] cloud-init[2382]: Cloud-init v. 18.4-0ubuntu1~18.04.1 running 'modules:final' at Wed, 06 Mar 2019 22:11:54 +0000. Up 68.61 seconds.
[   68.850362] cloud-init[2382]: ci-info: no authorized ssh keys fingerprints found for user ubuntu.
[   68.850454] cloud-init[2382]: Cloud-init v. 18.4-0ubuntu1~18.04.1 finished at Wed, 06 Mar 2019 22:11:54 +0000. Datasource DataSourceNoCloud [seed=/dev/sdb][dsmode=net].  Up 68.83 seconds
] cloud-init[2166]: Cloud-init v. 18.4-0ubuntu1~18.04.1 running 'modules:final' at Wed, 06 Mar 2019 22:10:44 +0000. Up 70.88 seconds.
[   71.130104] cloud-init[2166]: ci-info: no authorized ssh keys fingerprints found for user ubuntu.
[   71.130203] cloud-init[2166]: Cloud-init v. 18.4-0ubuntu1~18.04.1 finished at Wed, 06 Mar 2019 22:10:45 +0000. Datasource DataSourceNoCloud [seed=/dev/sdb][dsmode=net].  Up 71.11 seconds
